------------------------------------------------------------
TimeQuest Timing Analyzer Summary
------------------------------------------------------------

Type  : Slow Model Setup 'clock'
Slack : -12.961
TNS   : -2647.050

Type  : Slow Model Setup 'KEY[0]'
Slack : -4.261
TNS   : -9.821

Type  : Slow Model Hold 'clock'
Slack : -2.251
TNS   : -23.472

Type  : Slow Model Hold 'KEY[0]'
Slack : -1.172
TNS   : -4.334

Type  : Slow Model Recovery 'KEY[0]'
Slack : -0.942
TNS   : -0.942

Type  : Slow Model Recovery 'clock'
Slack : -0.251
TNS   : -35.311

Type  : Slow Model Removal 'KEY[0]'
Slack : -1.108
TNS   : -4.372

Type  : Slow Model Removal 'clock'
Slack : 0.198
TNS   : 0.000

Type  : Slow Model Minimum Pulse Width 'clock'
Slack : -2.000
TNS   : -1174.140

Type  : Slow Model Minimum Pulse Width 'KEY[0]'
Slack : -1.222
TNS   : -1.222

Type  : Fast Model Setup 'clock'
Slack : -5.932
TNS   : -1080.374

Type  : Fast Model Setup 'KEY[0]'
Slack : -1.816
TNS   : -2.116

Type  : Fast Model Hold 'clock'
Slack : -1.076
TNS   : -11.237

Type  : Fast Model Hold 'KEY[0]'
Slack : -0.657
TNS   : -2.895

Type  : Fast Model Recovery 'KEY[0]'
Slack : -0.030
TNS   : -0.030

Type  : Fast Model Recovery 'clock'
Slack : 0.327
TNS   : 0.000

Type  : Fast Model Removal 'KEY[0]'
Slack : -0.648
TNS   : -2.549

Type  : Fast Model Removal 'clock'
Slack : -0.077
TNS   : -1.951

Type  : Fast Model Minimum Pulse Width 'clock'
Slack : -2.000
TNS   : -1174.140

Type  : Fast Model Minimum Pulse Width 'KEY[0]'
Slack : -1.222
TNS   : -1.222

------------------------------------------------------------
