------------------------------------------------------------
TimeQuest Timing Analyzer Summary
------------------------------------------------------------

Type  : Slow Model Setup 'clock'
Slack : -14.636
TNS   : -40670.211

Type  : Slow Model Setup 'KEY[0]'
Slack : -3.466
TNS   : -10.963

Type  : Slow Model Hold 'KEY[0]'
Slack : -1.913
TNS   : -7.456

Type  : Slow Model Hold 'clock'
Slack : 0.391
TNS   : 0.000

Type  : Slow Model Recovery 'KEY[0]'
Slack : -1.938
TNS   : -1.938

Type  : Slow Model Recovery 'clock'
Slack : -0.093
TNS   : -5.685

Type  : Slow Model Removal 'KEY[0]'
Slack : -0.613
TNS   : -1.023

Type  : Slow Model Removal 'clock'
Slack : 0.185
TNS   : 0.000

Type  : Slow Model Minimum Pulse Width 'clock'
Slack : -1.380
TNS   : -5200.380

Type  : Slow Model Minimum Pulse Width 'KEY[0]'
Slack : -1.222
TNS   : -1.222

Type  : Fast Model Setup 'clock'
Slack : -6.078
TNS   : -16598.524

Type  : Fast Model Setup 'KEY[0]'
Slack : -0.822
TNS   : -1.634

Type  : Fast Model Hold 'KEY[0]'
Slack : -0.831
TNS   : -3.657

Type  : Fast Model Hold 'clock'
Slack : -0.008
TNS   : -0.128

Type  : Fast Model Recovery 'KEY[0]'
Slack : -0.148
TNS   : -0.148

Type  : Fast Model Recovery 'clock'
Slack : 0.386
TNS   : 0.000

Type  : Fast Model Removal 'KEY[0]'
Slack : -0.468
TNS   : -0.866

Type  : Fast Model Removal 'clock'
Slack : -0.097
TNS   : -15.070

Type  : Fast Model Minimum Pulse Width 'clock'
Slack : -1.380
TNS   : -5200.380

Type  : Fast Model Minimum Pulse Width 'KEY[0]'
Slack : -1.222
TNS   : -1.222

------------------------------------------------------------
