Archive Project report for Part2
Wed Apr 02 16:47:56 2014
Quartus II 64-Bit Version 9.1 Build 350 03/24/2010 Service Pack 2 SJ Full Version


---------------------
; Table of Contents ;
---------------------
  1. Legal Notice
  2. Archive Project Summary
  3. Archive Project Messages
  4. Files Archived



----------------
; Legal Notice ;
----------------
Copyright (C) 1991-2010 Altera Corporation
Your use of Altera Corporation's design tools, logic functions 
and other software and tools, and its AMPP partner logic 
functions, and any output files from any of the foregoing 
(including device programming or simulation files), and any 
associated documentation or information are expressly subject 
to the terms and conditions of the Altera Program License 
Subscription Agreement, Altera MegaCore Function License 
Agreement, or other applicable license agreement, including, 
without limitation, that your use is for the sole purpose of 
programming logic devices manufactured by Altera and sold by 
Altera or its authorized distributors.  Please refer to the 
applicable agreement for further details.



+----------------------------------------------------------------+
; Archive Project Summary                                        ;
+------------------------+---------------------------------------+
; Archive Project Status ; Successful - Wed Apr 02 16:47:56 2014 ;
; Revision Name          ; Part2                                 ;
; Top-level Entity Name  ; Part2                                 ;
; Family                 ; Stratix II                            ;
+------------------------+---------------------------------------+


+--------------------------+
; Archive Project Messages ;
+--------------------------+
Info: File Set 'Source control' contains:
    Info: Project source and settings files
    Info: Automatically detected source files
Info: ----------------------------------------------------------
Info: ----------------------------------------------------------
Info: Generated archive 'C:/Part2/Part2.qar'
Info: ----------------------------------------------------------
Info: ----------------------------------------------------------
Info: Generated report 'Part2.archive.rpt'
Info: Evaluation of Tcl script c:/altera/91/quartus/common/tcl/apps/qpm/qar.tcl was successful
Info: Quartus II 64-Bit Shell was successful. 0 errors, 0 warnings
    Info: Peak virtual memory: 185 megabytes
    Info: Processing ended: Wed Apr 02 16:47:56 2014
    Info: Elapsed time: 00:00:01
    Info: Total CPU time (on all processors): 00:00:01


+----------------------------------------------------+
; Files Archived                                     ;
+----------------------------------------------------+
; File Name                                          ;
+----------------------------------------------------+
; ALU.bdf                                            ;
; and16.vhd                                          ;
; buffReg16.vhd                                      ;
; c:/altera/91/quartus/bin64/assignment_defaults.qdf ;
; constant1.bsf                                      ;
; constant1.cmp                                      ;
; constant1.qip                                      ;
; constant1.vhd                                      ;
; controlUnit.vhd                                    ;
; decoder16.vhd                                      ;
; FullAdder.vhd                                      ;
; immediate.vhd                                      ;
; IR.vhd                                             ;
; mux2.vhd                                           ;
; mux2to1.cmp                                        ;
; mux2to1.qip                                        ;
; mux2to1.vhd                                        ;
; mux3to1.bsf                                        ;
; mux3to1.cmp                                        ;
; mux3to1.qip                                        ;
; mux3to1.vhd                                        ;
; mux4.vhd                                           ;
; mux16.vhd                                          ;
; or16.vhd                                           ;
; Part2.bdf                                          ;
; Part2.do                                           ;
; Part2.qpf                                          ;
; Part2.qsf                                          ;
; PS.vhd                                             ;
; reg16.vhd                                          ;
; SixteenBitRippleCarryAdder.vhd                     ;
; sixteenregisterfile.vhd                            ;
; VariousLogic.vhd                                   ;
; xor16.vhd                                          ;
+----------------------------------------------------+


