------------------------------------------------------------
TimeQuest Timing Analyzer Summary
------------------------------------------------------------

Type  : Slow Model Setup 'clk27'
Slack : -117.513
TNS   : -5656.208

Type  : Slow Model Setup 'inst22|divider|altpll_component|pll|clk[0]'
Slack : -7.347
TNS   : -1485.381

Type  : Slow Model Hold 'clk27'
Slack : 0.445
TNS   : 0.000

Type  : Slow Model Hold 'inst22|divider|altpll_component|pll|clk[0]'
Slack : 0.783
TNS   : 0.000

Type  : Slow Model Minimum Pulse Width 'clk27'
Slack : 15.954
TNS   : 0.000

Type  : Slow Model Minimum Pulse Width 'inst22|divider|altpll_component|pll|clk[0]'
Slack : 17.527
TNS   : 0.000

Type  : Fast Model Setup 'clk27'
Slack : -23.526
TNS   : -1085.538

Type  : Fast Model Setup 'inst22|divider|altpll_component|pll|clk[0]'
Slack : -2.520
TNS   : -500.199

Type  : Fast Model Hold 'clk27'
Slack : -0.067
TNS   : -0.067

Type  : Fast Model Hold 'inst22|divider|altpll_component|pll|clk[0]'
Slack : 0.319
TNS   : 0.000

Type  : Fast Model Minimum Pulse Width 'clk27'
Slack : 16.018
TNS   : 0.000

Type  : Fast Model Minimum Pulse Width 'inst22|divider|altpll_component|pll|clk[0]'
Slack : 17.918
TNS   : 0.000

------------------------------------------------------------
