------------------------------------------------------------
TimeQuest Timing Analyzer Summary
------------------------------------------------------------

Type  : Slow Model Setup 'clk27'
Slack : -93.883
TNS   : -4594.483

Type  : Slow Model Setup 'inst22|divider|altpll_component|pll|clk[0]'
Slack : -4.887
TNS   : -1043.994

Type  : Slow Model Hold 'clk27'
Slack : 0.391
TNS   : 0.000

Type  : Slow Model Hold 'inst22|divider|altpll_component|pll|clk[0]'
Slack : 0.719
TNS   : 0.000

Type  : Slow Model Minimum Pulse Width 'clk27'
Slack : 16.018
TNS   : 0.000

Type  : Slow Model Minimum Pulse Width 'inst22|divider|altpll_component|pll|clk[0]'
Slack : 17.918
TNS   : 0.000

Type  : Fast Model Setup 'clk27'
Slack : -22.861
TNS   : -1066.422

Type  : Fast Model Setup 'inst22|divider|altpll_component|pll|clk[0]'
Slack : -1.449
TNS   : -306.860

Type  : Fast Model Hold 'clk27'
Slack : 0.017
TNS   : 0.000

Type  : Fast Model Hold 'inst22|divider|altpll_component|pll|clk[0]'
Slack : 0.329
TNS   : 0.000

Type  : Fast Model Minimum Pulse Width 'clk27'
Slack : 16.018
TNS   : 0.000

Type  : Fast Model Minimum Pulse Width 'inst22|divider|altpll_component|pll|clk[0]'
Slack : 17.918
TNS   : 0.000

------------------------------------------------------------
