Restore Archived Project report for Part3
Sat Feb 07 14:24:45 2015
Quartus II 32-bit Version 12.0 Build 263 08/02/2012 Service Pack 2 SJ Web Edition


---------------------
; Table of Contents ;
---------------------
  1. Legal Notice
  2. Restore Archived Project Summary
  3. Restore Archived Project Messages
  4. Files Restored
  5. Files Not Restored



----------------
; Legal Notice ;
----------------
Copyright (C) 1991-2012 Altera Corporation
Your use of Altera Corporation's design tools, logic functions 
and other software and tools, and its AMPP partner logic 
functions, and any output files from any of the foregoing 
(including device programming or simulation files), and any 
associated documentation or information are expressly subject 
to the terms and conditions of the Altera Program License 
Subscription Agreement, Altera MegaCore Function License 
Agreement, or other applicable license agreement, including, 
without limitation, that your use is for the sole purpose of 
programming logic devices manufactured by Altera and sold by 
Altera or its authorized distributors.  Please refer to the 
applicable agreement for further details.



+-------------------------------------------------------------------------+
; Restore Archived Project Summary                                        ;
+---------------------------------+---------------------------------------+
; Restore Archived Project Status ; Successful - Sat Feb 07 14:24:44 2015 ;
; Revision Name                   ; Part3                                 ;
; Top-level Entity Name           ; Part3                                 ;
; Family                          ; Cyclone II                            ;
+---------------------------------+---------------------------------------+


+-----------------------------------+
; Restore Archived Project Messages ;
+-----------------------------------+
Info: Successfully restored 'C:/Users/The Acer/Downloads/project_final.qar' into the 'C:/Users/The Acer/Downloads/project_final_restored/' directory
Info: Generated report 'Part3.restore.rpt'
Info (23030): Evaluation of Tcl script c:/altera/12.0sp2/quartus/common/tcl/apps/qpm/qar.tcl was successful
Info: Quartus II 32-bit Shell was successful. 0 errors, 0 warnings
    Info: Peak virtual memory: 255 megabytes
    Info: Processing ended: Sat Feb 07 14:24:45 2015
    Info: Elapsed time: 00:00:09
    Info: Total CPU time (on all processors): 00:00:01


+------------------------------------------------+
; Files Restored                                 ;
+------------------------------------------------+
; File Name                                      ;
+------------------------------------------------+
; Documents/temp/Part5_042414_restored/Part3.dpf ;
; ALU.bdf                                        ;
; Adder.vhd                                      ;
; Const.vhd                                      ;
; FullAdder.vhd                                  ;
; IO_MemoryInterface.bdf                         ;
; IO_mem_data_sel.vhd                            ;
; IR.vhd                                         ;
; InstructionAddressGenerator.bdf                ;
; MUX2_1.vhd                                     ;
; MainMemory.vhd                                 ;
; MemoryInitialization.mif                       ;
; MemoryInterface.bdf                            ;
; MuxINC.vhd                                     ;
; MuxPC.vhd                                      ;
; PC.vhd                                         ;
; PC_Temp.vhd                                    ;
; PS.vhd                                         ;
; Part3.bdf                                      ;
; Part3.do                                       ;
; Part3.dpf                                      ;
; Part3.qsf                                      ;
; RA_select.bsf                                  ;
; RA_select.cmp                                  ;
; RA_select.qip                                  ;
; RA_select.vhd                                  ;
; RB_select.bsf                                  ;
; RB_select.cmp                                  ;
; RB_select.qip                                  ;
; RB_select.vhd                                  ;
; Reg_16.vhd                                     ;
; SixteenBitRippleCarryAdder.vhd                 ;
; VariousLogic.vhd                               ;
; and16.vhd                                      ;
; assignment_defaults.qdf                        ;
; buffReg16.vhd                                  ;
; const0_4bit.bsf                                ;
; const0_4bit.cmp                                ;
; const0_4bit.qip                                ;
; const0_4bit.vhd                                ;
; const1.cmp                                     ;
; const1.vhd                                     ;
; const60.bsf                                    ;
; const60.cmp                                    ;
; const60.qip                                    ;
; const60.vhd                                    ;
; constant1.cmp                                  ;
; constant1.vhd                                  ;
; constio1.vhd                                   ;
; controlUnit.vhd                                ;
; controlUnit2.vhd                               ;
; decoder16.vhd                                  ;
; immediate.vhd                                  ;
; io_mem_sel.vhd                                 ;
; iodecoder.bsf                                  ;
; iodecoder.cmp                                  ;
; iodecoder.qip                                  ;
; iodecoder.vhd                                  ;
; mux16.vhd                                      ;
; mux2.vhd                                       ;
; mux2to1.cmp                                    ;
; mux2to1.vhd                                    ;
; mux3to1.cmp                                    ;
; mux3to1.vhd                                    ;
; mux4.vhd                                       ;
; muxC.cmp                                       ;
; muxC.vhd                                       ;
; muxMA.cmp                                      ;
; muxMA.vhd                                      ;
; not16.vhd                                      ;
; or16.vhd                                       ;
; project.qpf                                    ;
; reg16.vhd                                      ;
; shift.bsf                                      ;
; shift.cmp                                      ;
; shift.qip                                      ;
; shift.vhd                                      ;
; shift_sel.bsf                                  ;
; shift_sel.cmp                                  ;
; shift_sel.qip                                  ;
; shift_sel.vhd                                  ;
; sixteenregisterfile.vhd                        ;
; vga.qip                                        ;
; vga_mem.mif                                    ;
; vgacon.vhd                                     ;
; xor16.vhd                                      ;
+------------------------------------------------+


+--------------------+
; Files Not Restored ;
+--------------------+
; File Name          ;
+--------------------+


